
snap install adguard-home
reboot
http://servername:3000

snap install --classic certbot

ln -s /snap/bin/certbot /usr/bin/certbot

certbot certonly --manual --preferred-challenges=dns --preferred-chain="ISRG Root X1"

Successfully received certificate.
Certificate is saved at: /etc/letsencrypt/live/adguard.qubitpilot.net/fullchain.pem
Key is saved at:         /etc/letsencrypt/live/adguard.qubitpilot.net/privkey.pem
This certificate expires on 2024-08-10.


nano /var/snap/adguard-home/current/AdGuardHome.yaml



cd /snap/adguard-home/current
./AdGuardHome -s stop







