#prep
lsof -i -P -n | grep LISTEN

mkdir -p /etc/systemd/resolved.conf.d
nano /etc/systemd/resolved.conf.d/adguardhome.conf

[Resolve]
DNS=127.0.0.1
DNSStubListener=no
lsof -i -P -n | grep LISTEN

mv /etc/resolv.conf /etc/resolv.conf.backup
ln -s /run/systemd/resolve/resolv.conf /etc/resolv.conf
#systemctl reload-or-restart systemd-resolved
reboot

snap install adguard-home
reboot
http://servername:3000

snap install --classic certbot

ln -s /snap/bin/certbot /usr/bin/certbot

certbot certonly --manual --preferred-challenges=dns --preferred-chain="ISRG Root X1"

Successfully received certificate.
Certificate is saved at: /etc/letsencrypt/live/adguard.qubitpilot.net/fullchain.pem
Key is saved at:         /etc/letsencrypt/live/adguard.qubitpilot.net/privkey.pem
This certificate expires on 2024-08-10.

#change adh password
nano /var/snap/adguard-home/current/AdGuardHome.yaml
#https://hostingcanada.org/htpasswd-generator/


cd /snap/adguard-home/current
./AdGuardHome -s stop







